cooltool rect --x=<value> --y=<value> [--width=<value>] [--height=<value>] [--color=<value>] [--do-fill]


Required arguments:
--x, -x  integer
--y, -y  integer

Optional arguments:
--width, -w   integer
              default: 10
--height, -h  integer
              default: 20
--color, -c   Red, Green, Blue
              default: Green

Flags:
--do-fill, -f  

Examples:
cooltool rect 10 20
cooltool rect 10 20 30 40 Blue --do-fill
cooltool rect --x=10 --y=20 --width=30 --height=40 --color=Blue --do-fill
cooltool rect -x=10 -y=20 -w=30 -h=40 -c=Blue -f
cooltool rect -h=40 -c=Blue -f -x=10 -y=20 -w=30
