cooltool --x=<value> --y=<value> [--width=<value>] [--height=<value>] [--color=<value>] [--do-fill]

Draws a rectangle.

Required arguments:
--x, -x  the x-coordinate
         int
--y, -y  the y-coordinate
         int

Optional arguments:
--width, -w   the width
              int
              default: 10
--height, -h  the height
              int
              default: 20
--color, -c   the color to use
              Red, Green, Blue
              default: Green

Flags:
--do-fill, -f  fill the rectangle

Examples:
cooltool 10 20
cooltool 10 20 30 40 Blue --do-fill
cooltool --x=10 --y=20 --width=30 --height=40 --color=Blue --do-fill
cooltool -x=10 -y=20 -w=30 -h=40 -c=Blue -f
cooltool -h=40 -c=Blue -f -x=10 -y=20 -w=30
