cooltool consume drink --beverage=<value>

consume by drinking

Required arguments:
--beverage, -b  the beverage to drink
                string

Examples:
cooltool consume drink alpha
cooltool consume drink --beverage=alpha
cooltool consume drink -b=alpha
